// Jest Snapshot v1, https://goo.gl/fbAQLP

exports[`Footer renders correctly 1`] = `
<footer
  className="footer"
>
  <ContentWrapper>
    <Logo />
  </ContentWrapper>
</footer>
`;
