// Jest Snapshot v1, https://goo.gl/fbAQLP

exports[`<HelloComponent /> renders correctly 1`] = `
<p
  className="paragraph"
>
  React Component
</p>
`;
