// Jest Snapshot v1, https://goo.gl/fbAQLP

exports[`SummaryInfo renders correctly 1`] = `
<div
  className="summaryWrapper"
>
  <ContentWrapper />
</div>
`;
