// Jest Snapshot v1, https://goo.gl/fbAQLP

exports[`SearchFieldContainer renders correctly 1`] = `
<div
  className="searchField"
>
  <input
    id="search"
    onChange={[Function]}
    type="text"
    value=""
  />
</div>
`;
