// Jest Snapshot v1, https://goo.gl/fbAQLP

exports[`ContentWrapper renders correctly 1`] = `
<section
  className="contentWrapper"
/>
`;
