// Jest Snapshot v1, https://goo.gl/fbAQLP

exports[`SearchBtn renders correctly 1`] = `
<button
  className="searchBtn searchBtnPrimary"
  type="button"
>
  Search
</button>
`;
